python: /scratch/rdri228/g0-splits-project/.condaenv/bin/python3  (Python 3.12.14)
host=rome037  angle=Bottom  cpus=32  epochs=40  batch_size=8  num_workers=0
[Bottom] samples: train=198 val=54 test=56
CPU training: torch.set_num_threads(32)
epoch   1/40  train_loss=0.45557  val_loss=0.39519  val_mse=0.000000  val_peak=30.976  val_err_px=9.75  lr=9.99e-04  (500.8s)
epoch   2/40  train_loss=0.26079  val_loss=0.20663  val_mse=0.000000  val_peak=15.387  val_err_px=5.65  lr=9.94e-04  (375.1s)
epoch   3/40  train_loss=0.18641  val_loss=0.15839  val_mse=0.000000  val_peak=14.537  val_err_px=4.09  lr=9.87e-04  (308.9s)
epoch   4/40  train_loss=0.15726  val_loss=0.13454  val_mse=0.000000  val_peak=13.236  val_err_px=3.30  lr=9.76e-04  (299.8s)
epoch   5/40  train_loss=0.13946  val_loss=0.10977  val_mse=0.000000  val_peak=13.077  val_err_px=2.97  lr=9.63e-04  (331.7s)
epoch   6/40  train_loss=0.12371  val_loss=0.13788  val_mse=0.000000  val_peak=15.556  val_err_px=5.81  lr=9.47e-04  (339.1s)
epoch   7/40  train_loss=0.11519  val_loss=0.11319  val_mse=0.000000  val_peak=13.493  val_err_px=3.45  lr=9.28e-04  (334.6s)
epoch   8/40  train_loss=0.11261  val_loss=0.10939  val_mse=0.000000  val_peak=14.274  val_err_px=3.18  lr=9.06e-04  (385.7s)
epoch   9/40  train_loss=0.10315  val_loss=0.10757  val_mse=0.000000  val_peak=14.867  val_err_px=3.50  lr=8.82e-04  (314.0s)
epoch  10/40  train_loss=0.09589  val_loss=0.08504  val_mse=0.000000  val_peak=13.191  val_err_px=3.03  lr=8.56e-04  (293.5s)
epoch  11/40  train_loss=0.08225  val_loss=0.08593  val_mse=0.000000  val_peak=15.006  val_err_px=3.28  lr=8.28e-04  (235.2s)
epoch  12/40  train_loss=0.08291  val_loss=0.09600  val_mse=0.000000  val_peak=14.447  val_err_px=3.86  lr=7.97e-04  (88.8s)
epoch  13/40  train_loss=0.07489  val_loss=0.07633  val_mse=0.000000  val_peak=14.587  val_err_px=2.58  lr=7.65e-04  (71.3s)
epoch  14/40  train_loss=0.07239  val_loss=0.07475  val_mse=0.000000  val_peak=14.734  val_err_px=2.71  lr=7.31e-04  (72.3s)
epoch  15/40  train_loss=0.06779  val_loss=0.07832  val_mse=0.000000  val_peak=14.600  val_err_px=2.96  lr=6.96e-04  (138.4s)
epoch  16/40  train_loss=0.06575  val_loss=0.07388  val_mse=0.000000  val_peak=14.388  val_err_px=2.70  lr=6.59e-04  (132.0s)
epoch  17/40  train_loss=0.06579  val_loss=0.07665  val_mse=0.000000  val_peak=15.196  val_err_px=2.94  lr=6.22e-04  (84.9s)
epoch  18/40  train_loss=0.06273  val_loss=0.07277  val_mse=0.000000  val_peak=14.365  val_err_px=2.68  lr=5.84e-04  (88.7s)
epoch  19/40  train_loss=0.06059  val_loss=0.07170  val_mse=0.000000  val_peak=15.028  val_err_px=2.61  lr=5.45e-04  (82.1s)
epoch  20/40  train_loss=0.05902  val_loss=0.07119  val_mse=0.000000  val_peak=15.039  val_err_px=2.59  lr=5.07e-04  (67.7s)
epoch  21/40  train_loss=0.05847  val_loss=0.07106  val_mse=0.000000  val_peak=15.242  val_err_px=2.59  lr=4.68e-04  (101.2s)
epoch  22/40  train_loss=0.05638  val_loss=0.06934  val_mse=0.000000  val_peak=14.704  val_err_px=2.52  lr=4.29e-04  (115.4s)
epoch  23/40  train_loss=0.05894  val_loss=0.07162  val_mse=0.000000  val_peak=15.223  val_err_px=2.65  lr=3.91e-04  (124.8s)
epoch  24/40  train_loss=0.05712  val_loss=0.06883  val_mse=0.000000  val_peak=15.837  val_err_px=2.48  lr=3.54e-04  (154.5s)
epoch  25/40  train_loss=0.05534  val_loss=0.06919  val_mse=0.000000  val_peak=15.591  val_err_px=2.53  lr=3.17e-04  (111.3s)
epoch  26/40  train_loss=0.05362  val_loss=0.06866  val_mse=0.000000  val_peak=15.714  val_err_px=2.49  lr=2.82e-04  (67.3s)
epoch  27/40  train_loss=0.05204  val_loss=0.06770  val_mse=0.000000  val_peak=15.547  val_err_px=2.44  lr=2.48e-04  (242.1s)
epoch  28/40  train_loss=0.05183  val_loss=0.06767  val_mse=0.000000  val_peak=15.457  val_err_px=2.43  lr=2.15e-04  (222.6s)
epoch  29/40  train_loss=0.05125  val_loss=0.06753  val_mse=0.000000  val_peak=15.170  val_err_px=2.44  lr=1.85e-04  (247.1s)
epoch  30/40  train_loss=0.05077  val_loss=0.06783  val_mse=0.000000  val_peak=15.216  val_err_px=2.47  lr=1.56e-04  (313.4s)
epoch  31/40  train_loss=0.05010  val_loss=0.06754  val_mse=0.000000  val_peak=15.619  val_err_px=2.45  lr=1.30e-04  (332.5s)
epoch  32/40  train_loss=0.04952  val_loss=0.06688  val_mse=0.000000  val_peak=15.488  val_err_px=2.40  lr=1.05e-04  (306.9s)
epoch  33/40  train_loss=0.04939  val_loss=0.06677  val_mse=0.000000  val_peak=15.852  val_err_px=2.39  lr=8.38e-05  (314.0s)
epoch  34/40  train_loss=0.04960  val_loss=0.06719  val_mse=0.000000  val_peak=15.808  val_err_px=2.41  lr=6.47e-05  (281.5s)
epoch  35/40  train_loss=0.04897  val_loss=0.06648  val_mse=0.000000  val_peak=15.695  val_err_px=2.38  lr=4.83e-05  (268.7s)
epoch  36/40  train_loss=0.04883  val_loss=0.06670  val_mse=0.000000  val_peak=15.823  val_err_px=2.39  lr=3.47e-05  (272.0s)
epoch  37/40  train_loss=0.04888  val_loss=0.06690  val_mse=0.000000  val_peak=15.755  val_err_px=2.41  lr=2.40e-05  (261.4s)
epoch  38/40  train_loss=0.04848  val_loss=0.06676  val_mse=0.000000  val_peak=15.665  val_err_px=2.40  lr=1.63e-05  (250.5s)
epoch  39/40  train_loss=0.04863  val_loss=0.06690  val_mse=0.000000  val_peak=15.505  val_err_px=2.41  lr=1.17e-05  (254.9s)
epoch  40/40  train_loss=0.04836  val_loss=0.06655  val_mse=0.000000  val_peak=15.888  val_err_px=2.38  lr=1.00e-05  (256.0s)
Saved checkpoints + history + loss curve to runs/Bottom_36764579
[Bottom] test samples: 56
{
  "angle": "Bottom",
  "n_test_images": 56,
  "n_landmark_observations": 952,
  "mean_px_error": 15.887649499161654,
  "median_px_error": 10.593574047088623,
  "mean_mm_error": 0.016635031083592645,
  "median_mm_error": 0.010905937598103974
}
Wrote full evaluation to runs/Bottom_36764579/eval_test.json
Done: Bottom -> runs/Bottom_36764579
