python: /scratch/rdri228/g0-splits-project/.condaenv/bin/python3  (Python 3.12.14)
host=rome041  angle=Right  cpus=32  epochs=40  batch_size=8  num_workers=0
[Right] samples: train=230 val=46 test=40
CPU training: torch.set_num_threads(32)
epoch   1/40  train_loss=0.59120  val_loss=0.44922  val_mse=0.000000  val_peak=16.518  val_err_px=12.72  lr=9.99e-04  (88.3s)
epoch   2/40  train_loss=0.32953  val_loss=0.25963  val_mse=0.000000  val_peak=14.429  val_err_px=7.01  lr=9.94e-04  (31.8s)
epoch   3/40  train_loss=0.18255  val_loss=0.14316  val_mse=0.000000  val_peak=13.561  val_err_px=3.92  lr=9.87e-04  (32.2s)
epoch   4/40  train_loss=0.12694  val_loss=0.12257  val_mse=0.000000  val_peak=14.454  val_err_px=3.65  lr=9.76e-04  (31.5s)
epoch   5/40  train_loss=0.10582  val_loss=0.10273  val_mse=0.000000  val_peak=15.705  val_err_px=3.30  lr=9.63e-04  (31.6s)
epoch   6/40  train_loss=0.09202  val_loss=0.10225  val_mse=0.000000  val_peak=15.056  val_err_px=3.85  lr=9.47e-04  (31.7s)
epoch   7/40  train_loss=0.09024  val_loss=0.08597  val_mse=0.000000  val_peak=15.116  val_err_px=3.65  lr=9.28e-04  (31.6s)
epoch   8/40  train_loss=0.06734  val_loss=0.05874  val_mse=0.000000  val_peak=15.190  val_err_px=2.75  lr=9.06e-04  (31.7s)
epoch   9/40  train_loss=0.05206  val_loss=0.05514  val_mse=0.000000  val_peak=15.043  val_err_px=2.64  lr=8.82e-04  (31.7s)
epoch  10/40  train_loss=0.04845  val_loss=0.04827  val_mse=0.000000  val_peak=14.960  val_err_px=2.39  lr=8.56e-04  (31.8s)
epoch  11/40  train_loss=0.04543  val_loss=0.05270  val_mse=0.000000  val_peak=15.184  val_err_px=2.94  lr=8.27e-04  (31.8s)
epoch  12/40  train_loss=0.04514  val_loss=0.03913  val_mse=0.000000  val_peak=15.461  val_err_px=2.24  lr=7.97e-04  (31.9s)
epoch  13/40  train_loss=0.03686  val_loss=0.03813  val_mse=0.000000  val_peak=15.344  val_err_px=2.10  lr=7.65e-04  (31.9s)
epoch  14/40  train_loss=0.03782  val_loss=0.04622  val_mse=0.000000  val_peak=15.690  val_err_px=2.79  lr=7.31e-04  (32.0s)
epoch  15/40  train_loss=0.03841  val_loss=0.04114  val_mse=0.000000  val_peak=16.521  val_err_px=2.57  lr=6.96e-04  (31.9s)
epoch  16/40  train_loss=0.03334  val_loss=0.03496  val_mse=0.000000  val_peak=15.658  val_err_px=2.30  lr=6.59e-04  (32.0s)
epoch  17/40  train_loss=0.02928  val_loss=0.03185  val_mse=0.000000  val_peak=15.741  val_err_px=2.03  lr=6.22e-04  (31.9s)
epoch  18/40  train_loss=0.02829  val_loss=0.03022  val_mse=0.000000  val_peak=16.408  val_err_px=1.98  lr=5.84e-04  (32.0s)
epoch  19/40  train_loss=0.02608  val_loss=0.02892  val_mse=0.000000  val_peak=16.037  val_err_px=1.91  lr=5.45e-04  (32.1s)
epoch  20/40  train_loss=0.02501  val_loss=0.03055  val_mse=0.000000  val_peak=16.311  val_err_px=2.13  lr=5.06e-04  (31.9s)
epoch  21/40  train_loss=0.02569  val_loss=0.02670  val_mse=0.000000  val_peak=16.140  val_err_px=1.78  lr=4.67e-04  (31.8s)
epoch  22/40  train_loss=0.02313  val_loss=0.02653  val_mse=0.000000  val_peak=15.943  val_err_px=1.80  lr=4.29e-04  (31.8s)
epoch  23/40  train_loss=0.02315  val_loss=0.02783  val_mse=0.000000  val_peak=16.457  val_err_px=1.95  lr=3.91e-04  (31.9s)
epoch  24/40  train_loss=0.02067  val_loss=0.02540  val_mse=0.000000  val_peak=16.051  val_err_px=1.95  lr=3.53e-04  (31.7s)
epoch  25/40  train_loss=0.01780  val_loss=0.02256  val_mse=0.000000  val_peak=16.095  val_err_px=1.72  lr=3.17e-04  (32.0s)
epoch  26/40  train_loss=0.01689  val_loss=0.02228  val_mse=0.000000  val_peak=16.296  val_err_px=1.73  lr=2.81e-04  (31.8s)
epoch  27/40  train_loss=0.01656  val_loss=0.02193  val_mse=0.000000  val_peak=15.965  val_err_px=1.71  lr=2.48e-04  (31.6s)
epoch  28/40  train_loss=0.01591  val_loss=0.02218  val_mse=0.000000  val_peak=16.335  val_err_px=1.74  lr=2.15e-04  (31.8s)
epoch  29/40  train_loss=0.01522  val_loss=0.02183  val_mse=0.000000  val_peak=16.720  val_err_px=1.75  lr=1.85e-04  (31.7s)
epoch  30/40  train_loss=0.01482  val_loss=0.02093  val_mse=0.000000  val_peak=16.829  val_err_px=1.69  lr=1.56e-04  (31.9s)
epoch  31/40  train_loss=0.01416  val_loss=0.02075  val_mse=0.000000  val_peak=16.702  val_err_px=1.68  lr=1.29e-04  (32.0s)
epoch  32/40  train_loss=0.01463  val_loss=0.02049  val_mse=0.000000  val_peak=16.725  val_err_px=1.65  lr=1.05e-04  (32.1s)
epoch  33/40  train_loss=0.01456  val_loss=0.02042  val_mse=0.000000  val_peak=16.853  val_err_px=1.66  lr=8.36e-05  (32.2s)
epoch  34/40  train_loss=0.01358  val_loss=0.02012  val_mse=0.000000  val_peak=16.948  val_err_px=1.64  lr=6.46e-05  (32.2s)
epoch  35/40  train_loss=0.01407  val_loss=0.02036  val_mse=0.000000  val_peak=16.627  val_err_px=1.66  lr=4.82e-05  (32.4s)
epoch  36/40  train_loss=0.01348  val_loss=0.02019  val_mse=0.000000  val_peak=16.561  val_err_px=1.64  lr=3.46e-05  (32.3s)
epoch  37/40  train_loss=0.01305  val_loss=0.02014  val_mse=0.000000  val_peak=16.792  val_err_px=1.65  lr=2.40e-05  (32.4s)
epoch  38/40  train_loss=0.01315  val_loss=0.02001  val_mse=0.000000  val_peak=16.843  val_err_px=1.64  lr=1.63e-05  (32.4s)
epoch  39/40  train_loss=0.01292  val_loss=0.01997  val_mse=0.000000  val_peak=17.223  val_err_px=1.64  lr=1.16e-05  (32.2s)
epoch  40/40  train_loss=0.01377  val_loss=0.02010  val_mse=0.000000  val_peak=16.682  val_err_px=1.64  lr=1.00e-05  (32.4s)
Saved checkpoints + history + loss curve to runs/Right_36764579
[Right] test samples: 40
{
  "angle": "Right",
  "n_test_images": 40,
  "n_landmark_observations": 1440,
  "mean_px_error": 12.590561891740395,
  "median_px_error": 9.97608470916748,
  "mean_mm_error": 0.012906371976936126,
  "median_mm_error": 0.010135110013564683
}
Wrote full evaluation to runs/Right_36764579/eval_test.json
Done: Right -> runs/Right_36764579
